// Jest Snapshot v1, https://goo.gl/fbAQLP

exports[`Test Home component rendering Test product component rendering on homepage 1`] = `
Object {
  "asFragment": [Function],
  "baseElement": <body>
    <div>
      <div
        class="mx-5"
      >
        <form
          class="w-full"
        >
          <div
            class="relative"
          >
            <input
              class="block p-3 pl-10 w-full text-sm text-gray-900 bg-gray-50 rounded-full border border-gray-300 focus:ring-gray-500 focus:border-gray-500 dark:bg-gray-700 dark:border-gray-600 dark:placeholder-gray-400 dark:text-white dark:focus:ring-gray-500 dark:focus:border-gray-500"
              id="default-search"
              placeholder="Search..."
              required=""
              type="search"
            />
            <div
              class="flex absolute inset-y-0 left-0 items-center pl-3 pointer-events-none"
            >
              <svg
                class="w-5 h-5 text-gray-500 dark:text-gray-400"
                fill="none"
                stroke="currentColor"
                viewBox="0 0 24 24"
                xmlns="http://www.w3.org/2000/svg"
              >
                <path
                  d="M21 21l-6-6m2-5a7 7 0 11-14 0 7 7 0 0114 0z"
                  stroke-linecap="round"
                  stroke-linejoin="round"
                  stroke-width="2"
                />
              </svg>
            </div>
          </div>
        </form>
        <div
          class="grid grid-cols-2"
        />
      </div>
    </div>
  </body>,
  "container": <div>
    <div
      class="mx-5"
    >
      <form
        class="w-full"
      >
        <div
          class="relative"
        >
          <input
            class="block p-3 pl-10 w-full text-sm text-gray-900 bg-gray-50 rounded-full border border-gray-300 focus:ring-gray-500 focus:border-gray-500 dark:bg-gray-700 dark:border-gray-600 dark:placeholder-gray-400 dark:text-white dark:focus:ring-gray-500 dark:focus:border-gray-500"
            id="default-search"
            placeholder="Search..."
            required=""
            type="search"
          />
          <div
            class="flex absolute inset-y-0 left-0 items-center pl-3 pointer-events-none"
          >
            <svg
              class="w-5 h-5 text-gray-500 dark:text-gray-400"
              fill="none"
              stroke="currentColor"
              viewBox="0 0 24 24"
              xmlns="http://www.w3.org/2000/svg"
            >
              <path
                d="M21 21l-6-6m2-5a7 7 0 11-14 0 7 7 0 0114 0z"
                stroke-linecap="round"
                stroke-linejoin="round"
                stroke-width="2"
              />
            </svg>
          </div>
        </div>
      </form>
      <div
        class="grid grid-cols-2"
      />
    </div>
  </div>,
  "debug": [Function],
  "findAllByAltText": [Function],
  "findAllByDisplayValue": [Function],
  "findAllByLabelText": [Function],
  "findAllByPlaceholderText": [Function],
  "findAllByRole": [Function],
  "findAllByTestId": [Function],
  "findAllByText": [Function],
  "findAllByTitle": [Function],
  "findByAltText": [Function],
  "findByDisplayValue": [Function],
  "findByLabelText": [Function],
  "findByPlaceholderText": [Function],
  "findByRole": [Function],
  "findByTestId": [Function],
  "findByText": [Function],
  "findByTitle": [Function],
  "getAllByAltText": [Function],
  "getAllByDisplayValue": [Function],
  "getAllByLabelText": [Function],
  "getAllByPlaceholderText": [Function],
  "getAllByRole": [Function],
  "getAllByTestId": [Function],
  "getAllByText": [Function],
  "getAllByTitle": [Function],
  "getByAltText": [Function],
  "getByDisplayValue": [Function],
  "getByLabelText": [Function],
  "getByPlaceholderText": [Function],
  "getByRole": [Function],
  "getByTestId": [Function],
  "getByText": [Function],
  "getByTitle": [Function],
  "queryAllByAltText": [Function],
  "queryAllByDisplayValue": [Function],
  "queryAllByLabelText": [Function],
  "queryAllByPlaceholderText": [Function],
  "queryAllByRole": [Function],
  "queryAllByTestId": [Function],
  "queryAllByText": [Function],
  "queryAllByTitle": [Function],
  "queryByAltText": [Function],
  "queryByDisplayValue": [Function],
  "queryByLabelText": [Function],
  "queryByPlaceholderText": [Function],
  "queryByRole": [Function],
  "queryByTestId": [Function],
  "queryByText": [Function],
  "queryByTitle": [Function],
  "rerender": [Function],
  "unmount": [Function],
}
`;
